// Jest Snapshot v1, https://goo.gl/fbAQLP

exports[`renders correctly 1`] = `
<div
  className="error"
>
  <p>
    Knock! Knock! - Who's There? - No one  :(
  </p>
</div>
`;
